// Jest Snapshot v1, https://goo.gl/fbAQLP

exports[`pruebas en el componente <Header/> debe de estar correctamente el componente como en el snapshot 1`] = `ShallowWrapper {}`;
